2025-12-13 09:10:26,241{GMT}	INFO	[jepsen test runner] jepsen.core: Command line:
lein run test -w echo --bin ./bin/maelstrom --node-count 1 --time-limit 10
2025-12-13 09:10:26,271{GMT}	INFO	[jepsen test runner] jepsen.core: Running test:
{:args []
 :remote
 #jepsen.control.retry.Remote{:remote #jepsen.control.scp.Remote{:cmd-remote #jepsen.control.sshj.SSHJRemote{:concurrency-limit 6,
                                                                                                             :conn-spec nil,
                                                                                                             :client nil,
                                                                                                             :semaphore nil},
                                                                 :conn-spec nil},
                              :conn nil}
 :log-net-send false
 :node-count 1
 :availability nil
 :max-txn-length 4
 :concurrency 1
 :db
 #object[maelstrom.db$db$reify__16142
         "0x7781b55f"
         "maelstrom.db$db$reify__16142@7781b55f"]
 :max-writes-per-key 16
 :leave-db-running? false
 :name "echo"
 :logging-json? false
 :start-time
 #object[org.joda.time.DateTime "0x25c6a9de" "2025-12-13T09:10:26.226Z"]
 :nemesis-interval 10
 :net
 #object[maelstrom.net$jepsen_net$reify__15251
         "0x142422a4"
         "maelstrom.net$jepsen_net$reify__15251@142422a4"]
 :client
 #object[maelstrom.workload.echo$client$reify__16863
         "0x3c9cd930"
         "maelstrom.workload.echo$client$reify__16863@3c9cd930"]
 :barrier
 #object[java.util.concurrent.CyclicBarrier
         "0x5dcbdcb9"
         "java.util.concurrent.CyclicBarrier@5dcbdcb9"]
 :log-stderr false
 :pure-generators true
 :ssh {:dummy? true}
 :rate 5
 :checker
 #object[jepsen.checker$compose$reify__11881
         "0x4dd31687"
         "jepsen.checker$compose$reify__11881@4dd31687"]
 :argv
 ("test"
  "-w"
  "echo"
  "--bin"
  "./bin/maelstrom"
  "--node-count"
  "1"
  "--time-limit"
  "10")
 :nemesis
 (jepsen.nemesis.ReflCompose
  {:fm {:start-partition 0,
        :stop-partition 0,
        :kill 1,
        :start 1,
        :pause 1,
        :resume 1},
   :nemeses [#unprintable "jepsen.nemesis.combined$partition_nemesis$reify__16416@78d72c9b"
             #unprintable "jepsen.nemesis.combined$db_nemesis$reify__16397@22d82fe8"]})
 :nodes ["n0"]
 :test-count 1
 :latency {:mean 0, :dist :constant}
 :bin "./bin/maelstrom"
 :generator
 (jepsen.generator.TimeLimit
  {:limit 10000000000,
   :cutoff nil,
   :gen (jepsen.generator.Any
         {:gens [(jepsen.generator.OnThreads
                  {:f #{:nemesis},
                   :context-filter #object[jepsen.generator.context$make_thread_filter$lazy_filter__9167
                                           "0x274f51ad"
                                           "jepsen.generator.context$make_thread_filter$lazy_filter__9167@274f51ad"],
                   :gen nil})
                 (jepsen.generator.OnThreads
                  {:f #jepsen.generator.context.AllBut{:element :nemesis},
                   :context-filter #object[jepsen.generator.context$make_thread_filter$lazy_filter__9167
                                           "0x33c976b1"
                                           "jepsen.generator.context$make_thread_filter$lazy_filter__9167@33c976b1"],
                   :gen (jepsen.generator.Stagger
                         {:dt 400000000,
                          :next-time nil,
                          :gen (jepsen.generator.EachThread
                                {:fresh-gen #object[maelstrom.workload.echo$workload$fn__16882
                                                    "0x2c95cb24"
                                                    "maelstrom.workload.echo$workload$fn__16882@2c95cb24"],
                                 :context-filters #object[clojure.core$promise$reify__8591
                                                          "0x75f3c0c9"
                                                          {:status :pending,
                                                           :val nil}],
                                 :gens {}})})})]})})
 :log-net-recv false
 :os
 #object[maelstrom.net$jepsen_os$reify__15254
         "0x28ec35e3"
         "maelstrom.net$jepsen_os$reify__15254@28ec35e3"]
 :time-limit 10
 :workload :echo
 :consistency-models [:strict-serializable]
 :topology :grid}

2025-12-13 09:10:27,162{GMT}	INFO	[jepsen node n0] maelstrom.net: Starting Maelstrom network
2025-12-13 09:10:27,163{GMT}	INFO	[jepsen test runner] jepsen.db: Tearing down DB
2025-12-13 09:10:27,165{GMT}	INFO	[jepsen test runner] jepsen.db: Setting up DB
2025-12-13 09:10:27,166{GMT}	INFO	[jepsen node n0] maelstrom.service: Starting services: (lin-kv lin-tso lww-kv seq-kv)
2025-12-13 09:10:27,168{GMT}	INFO	[jepsen node n0] maelstrom.db: Setting up n0
2025-12-13 09:10:27,168{GMT}	INFO	[jepsen node n0] maelstrom.process: launching ./bin/maelstrom []
2025-12-13 09:10:27,183{GMT}	INFO	[jepsen test runner] jepsen.core: Relative time begins now
2025-12-13 09:10:27,197{GMT}	INFO	[jepsen worker 0] jepsen.util: 0	:invoke	:echo	"Please echo 39"
2025-12-13 09:10:27,201{GMT}	INFO	[jepsen worker 0] jepsen.util: 0	:ok	:echo	{:echo "Please echo 39", :in_reply_to 1, :msg_id 1, :type "echo_ok"}
2025-12-13 09:10:27,378{GMT}	INFO	[jepsen worker 0] jepsen.util: 0	:invoke	:echo	"Please echo 19"
2025-12-13 09:10:27,379{GMT}	INFO	[jepsen worker 0] jepsen.util: 0	:ok	:echo	{:echo "Please echo 19", :in_reply_to 2, :msg_id 2, :type "echo_ok"}
2025-12-13 09:10:27,450{GMT}	INFO	[jepsen worker 0] jepsen.util: 0	:invoke	:echo	"Please echo 27"
2025-12-13 09:10:27,452{GMT}	INFO	[jepsen worker 0] jepsen.util: 0	:ok	:echo	{:echo "Please echo 27", :in_reply_to 3, :msg_id 3, :type "echo_ok"}
2025-12-13 09:10:27,621{GMT}	INFO	[jepsen worker 0] jepsen.util: 0	:invoke	:echo	"Please echo 17"
2025-12-13 09:10:27,623{GMT}	INFO	[jepsen worker 0] jepsen.util: 0	:ok	:echo	{:echo "Please echo 17", :in_reply_to 4, :msg_id 4, :type "echo_ok"}
2025-12-13 09:10:27,787{GMT}	INFO	[jepsen worker 0] jepsen.util: 0	:invoke	:echo	"Please echo 19"
2025-12-13 09:10:27,789{GMT}	INFO	[jepsen worker 0] jepsen.util: 0	:ok	:echo	{:echo "Please echo 19", :in_reply_to 5, :msg_id 5, :type "echo_ok"}
2025-12-13 09:10:27,817{GMT}	INFO	[jepsen worker 0] jepsen.util: 0	:invoke	:echo	"Please echo 63"
2025-12-13 09:10:27,820{GMT}	INFO	[jepsen worker 0] jepsen.util: 0	:ok	:echo	{:echo "Please echo 63", :in_reply_to 6, :msg_id 6, :type "echo_ok"}
2025-12-13 09:10:28,048{GMT}	INFO	[jepsen worker 0] jepsen.util: 0	:invoke	:echo	"Please echo 38"
2025-12-13 09:10:28,049{GMT}	INFO	[jepsen worker 0] jepsen.util: 0	:ok	:echo	{:echo "Please echo 38", :in_reply_to 7, :msg_id 7, :type "echo_ok"}
2025-12-13 09:10:28,172{GMT}	INFO	[jepsen worker 0] jepsen.util: 0	:invoke	:echo	"Please echo 70"
2025-12-13 09:10:28,173{GMT}	INFO	[jepsen worker 0] jepsen.util: 0	:ok	:echo	{:echo "Please echo 70", :in_reply_to 8, :msg_id 8, :type "echo_ok"}
2025-12-13 09:10:28,461{GMT}	INFO	[jepsen worker 0] jepsen.util: 0	:invoke	:echo	"Please echo 39"
2025-12-13 09:10:28,463{GMT}	INFO	[jepsen worker 0] jepsen.util: 0	:ok	:echo	{:echo "Please echo 39", :in_reply_to 9, :msg_id 9, :type "echo_ok"}
2025-12-13 09:10:28,533{GMT}	INFO	[jepsen worker 0] jepsen.util: 0	:invoke	:echo	"Please echo 31"
2025-12-13 09:10:28,534{GMT}	INFO	[jepsen worker 0] jepsen.util: 0	:ok	:echo	{:echo "Please echo 31", :in_reply_to 10, :msg_id 10, :type "echo_ok"}
2025-12-13 09:10:28,557{GMT}	INFO	[jepsen worker 0] jepsen.util: 0	:invoke	:echo	"Please echo 6"
2025-12-13 09:10:28,559{GMT}	INFO	[jepsen worker 0] jepsen.util: 0	:ok	:echo	{:echo "Please echo 6", :in_reply_to 11, :msg_id 11, :type "echo_ok"}
2025-12-13 09:10:28,868{GMT}	INFO	[jepsen worker 0] jepsen.util: 0	:invoke	:echo	"Please echo 50"
2025-12-13 09:10:28,870{GMT}	INFO	[jepsen worker 0] jepsen.util: 0	:ok	:echo	{:echo "Please echo 50", :in_reply_to 12, :msg_id 12, :type "echo_ok"}
2025-12-13 09:10:29,191{GMT}	INFO	[jepsen worker 0] jepsen.util: 0	:invoke	:echo	"Please echo 39"
2025-12-13 09:10:29,193{GMT}	INFO	[jepsen worker 0] jepsen.util: 0	:ok	:echo	{:echo "Please echo 39", :in_reply_to 13, :msg_id 13, :type "echo_ok"}
2025-12-13 09:10:29,246{GMT}	INFO	[jepsen worker 0] jepsen.util: 0	:invoke	:echo	"Please echo 29"
2025-12-13 09:10:29,248{GMT}	INFO	[jepsen worker 0] jepsen.util: 0	:ok	:echo	{:echo "Please echo 29", :in_reply_to 14, :msg_id 14, :type "echo_ok"}
2025-12-13 09:10:29,294{GMT}	INFO	[jepsen worker 0] jepsen.util: 0	:invoke	:echo	"Please echo 27"
2025-12-13 09:10:29,295{GMT}	INFO	[jepsen worker 0] jepsen.util: 0	:ok	:echo	{:echo "Please echo 27", :in_reply_to 15, :msg_id 15, :type "echo_ok"}
2025-12-13 09:10:29,539{GMT}	INFO	[jepsen worker 0] jepsen.util: 0	:invoke	:echo	"Please echo 105"
2025-12-13 09:10:29,541{GMT}	INFO	[jepsen worker 0] jepsen.util: 0	:ok	:echo	{:echo "Please echo 105", :in_reply_to 16, :msg_id 16, :type "echo_ok"}
2025-12-13 09:10:29,550{GMT}	INFO	[jepsen worker 0] jepsen.util: 0	:invoke	:echo	"Please echo 77"
2025-12-13 09:10:29,551{GMT}	INFO	[jepsen worker 0] jepsen.util: 0	:ok	:echo	{:echo "Please echo 77", :in_reply_to 17, :msg_id 17, :type "echo_ok"}
2025-12-13 09:10:29,918{GMT}	INFO	[jepsen worker 0] jepsen.util: 0	:invoke	:echo	"Please echo 98"
2025-12-13 09:10:29,919{GMT}	INFO	[jepsen worker 0] jepsen.util: 0	:ok	:echo	{:echo "Please echo 98", :in_reply_to 18, :msg_id 18, :type "echo_ok"}
2025-12-13 09:10:30,032{GMT}	INFO	[jepsen worker 0] jepsen.util: 0	:invoke	:echo	"Please echo 62"
2025-12-13 09:10:30,034{GMT}	INFO	[jepsen worker 0] jepsen.util: 0	:ok	:echo	{:echo "Please echo 62", :in_reply_to 19, :msg_id 19, :type "echo_ok"}
2025-12-13 09:10:30,289{GMT}	INFO	[jepsen worker 0] jepsen.util: 0	:invoke	:echo	"Please echo 31"
2025-12-13 09:10:30,290{GMT}	INFO	[jepsen worker 0] jepsen.util: 0	:ok	:echo	{:echo "Please echo 31", :in_reply_to 20, :msg_id 20, :type "echo_ok"}
2025-12-13 09:10:30,506{GMT}	INFO	[jepsen worker 0] jepsen.util: 0	:invoke	:echo	"Please echo 40"
2025-12-13 09:10:30,508{GMT}	INFO	[jepsen worker 0] jepsen.util: 0	:ok	:echo	{:echo "Please echo 40", :in_reply_to 21, :msg_id 21, :type "echo_ok"}
2025-12-13 09:10:30,747{GMT}	INFO	[jepsen worker 0] jepsen.util: 0	:invoke	:echo	"Please echo 9"
2025-12-13 09:10:30,748{GMT}	INFO	[jepsen worker 0] jepsen.util: 0	:ok	:echo	{:echo "Please echo 9", :in_reply_to 22, :msg_id 22, :type "echo_ok"}
2025-12-13 09:10:30,825{GMT}	INFO	[jepsen worker 0] jepsen.util: 0	:invoke	:echo	"Please echo 70"
2025-12-13 09:10:30,826{GMT}	INFO	[jepsen worker 0] jepsen.util: 0	:ok	:echo	{:echo "Please echo 70", :in_reply_to 23, :msg_id 23, :type "echo_ok"}
2025-12-13 09:10:30,829{GMT}	INFO	[jepsen worker 0] jepsen.util: 0	:invoke	:echo	"Please echo 67"
2025-12-13 09:10:30,830{GMT}	INFO	[jepsen worker 0] jepsen.util: 0	:ok	:echo	{:echo "Please echo 67", :in_reply_to 24, :msg_id 24, :type "echo_ok"}
2025-12-13 09:10:31,121{GMT}	INFO	[jepsen worker 0] jepsen.util: 0	:invoke	:echo	"Please echo 90"
2025-12-13 09:10:31,122{GMT}	INFO	[jepsen worker 0] jepsen.util: 0	:ok	:echo	{:echo "Please echo 90", :in_reply_to 25, :msg_id 25, :type "echo_ok"}
2025-12-13 09:10:31,479{GMT}	INFO	[jepsen worker 0] jepsen.util: 0	:invoke	:echo	"Please echo 65"
2025-12-13 09:10:31,480{GMT}	INFO	[jepsen worker 0] jepsen.util: 0	:ok	:echo	{:echo "Please echo 65", :in_reply_to 26, :msg_id 26, :type "echo_ok"}
2025-12-13 09:10:31,539{GMT}	INFO	[jepsen worker 0] jepsen.util: 0	:invoke	:echo	"Please echo 43"
2025-12-13 09:10:31,541{GMT}	INFO	[jepsen worker 0] jepsen.util: 0	:ok	:echo	{:echo "Please echo 43", :in_reply_to 27, :msg_id 27, :type "echo_ok"}
2025-12-13 09:10:31,850{GMT}	INFO	[jepsen worker 0] jepsen.util: 0	:invoke	:echo	"Please echo 52"
2025-12-13 09:10:31,851{GMT}	INFO	[jepsen worker 0] jepsen.util: 0	:ok	:echo	{:echo "Please echo 52", :in_reply_to 28, :msg_id 28, :type "echo_ok"}
2025-12-13 09:10:32,094{GMT}	INFO	[jepsen worker 0] jepsen.util: 0	:invoke	:echo	"Please echo 93"
2025-12-13 09:10:32,095{GMT}	INFO	[jepsen worker 0] jepsen.util: 0	:ok	:echo	{:echo "Please echo 93", :in_reply_to 29, :msg_id 29, :type "echo_ok"}
2025-12-13 09:10:32,111{GMT}	INFO	[jepsen worker 0] jepsen.util: 0	:invoke	:echo	"Please echo 126"
2025-12-13 09:10:32,112{GMT}	INFO	[jepsen worker 0] jepsen.util: 0	:ok	:echo	{:echo "Please echo 126", :in_reply_to 30, :msg_id 30, :type "echo_ok"}
2025-12-13 09:10:32,503{GMT}	INFO	[jepsen worker 0] jepsen.util: 0	:invoke	:echo	"Please echo 59"
2025-12-13 09:10:32,504{GMT}	INFO	[jepsen worker 0] jepsen.util: 0	:ok	:echo	{:echo "Please echo 59", :in_reply_to 31, :msg_id 31, :type "echo_ok"}
2025-12-13 09:10:32,838{GMT}	INFO	[jepsen worker 0] jepsen.util: 0	:invoke	:echo	"Please echo 19"
2025-12-13 09:10:32,839{GMT}	INFO	[jepsen worker 0] jepsen.util: 0	:ok	:echo	{:echo "Please echo 19", :in_reply_to 32, :msg_id 32, :type "echo_ok"}
2025-12-13 09:10:33,084{GMT}	INFO	[jepsen worker 0] jepsen.util: 0	:invoke	:echo	"Please echo 15"
2025-12-13 09:10:33,085{GMT}	INFO	[jepsen worker 0] jepsen.util: 0	:ok	:echo	{:echo "Please echo 15", :in_reply_to 33, :msg_id 33, :type "echo_ok"}
2025-12-13 09:10:33,415{GMT}	INFO	[jepsen worker 0] jepsen.util: 0	:invoke	:echo	"Please echo 93"
2025-12-13 09:10:33,416{GMT}	INFO	[jepsen worker 0] jepsen.util: 0	:ok	:echo	{:echo "Please echo 93", :in_reply_to 34, :msg_id 34, :type "echo_ok"}
2025-12-13 09:10:33,463{GMT}	INFO	[jepsen worker 0] jepsen.util: 0	:invoke	:echo	"Please echo 121"
2025-12-13 09:10:33,465{GMT}	INFO	[jepsen worker 0] jepsen.util: 0	:ok	:echo	{:echo "Please echo 121", :in_reply_to 35, :msg_id 35, :type "echo_ok"}
2025-12-13 09:10:33,634{GMT}	INFO	[jepsen worker 0] jepsen.util: 0	:invoke	:echo	"Please echo 19"
2025-12-13 09:10:33,636{GMT}	INFO	[jepsen worker 0] jepsen.util: 0	:ok	:echo	{:echo "Please echo 19", :in_reply_to 36, :msg_id 36, :type "echo_ok"}
2025-12-13 09:10:33,754{GMT}	INFO	[jepsen worker 0] jepsen.util: 0	:invoke	:echo	"Please echo 119"
2025-12-13 09:10:33,756{GMT}	INFO	[jepsen worker 0] jepsen.util: 0	:ok	:echo	{:echo "Please echo 119", :in_reply_to 37, :msg_id 37, :type "echo_ok"}
2025-12-13 09:10:33,953{GMT}	INFO	[jepsen worker 0] jepsen.util: 0	:invoke	:echo	"Please echo 14"
2025-12-13 09:10:33,955{GMT}	INFO	[jepsen worker 0] jepsen.util: 0	:ok	:echo	{:echo "Please echo 14", :in_reply_to 38, :msg_id 38, :type "echo_ok"}
2025-12-13 09:10:34,010{GMT}	INFO	[jepsen worker 0] jepsen.util: 0	:invoke	:echo	"Please echo 105"
2025-12-13 09:10:34,011{GMT}	INFO	[jepsen worker 0] jepsen.util: 0	:ok	:echo	{:echo "Please echo 105", :in_reply_to 39, :msg_id 39, :type "echo_ok"}
2025-12-13 09:10:34,331{GMT}	INFO	[jepsen worker 0] jepsen.util: 0	:invoke	:echo	"Please echo 120"
2025-12-13 09:10:34,332{GMT}	INFO	[jepsen worker 0] jepsen.util: 0	:ok	:echo	{:echo "Please echo 120", :in_reply_to 40, :msg_id 40, :type "echo_ok"}
2025-12-13 09:10:34,646{GMT}	INFO	[jepsen worker 0] jepsen.util: 0	:invoke	:echo	"Please echo 68"
2025-12-13 09:10:34,647{GMT}	INFO	[jepsen worker 0] jepsen.util: 0	:ok	:echo	{:echo "Please echo 68", :in_reply_to 41, :msg_id 41, :type "echo_ok"}
2025-12-13 09:10:34,983{GMT}	INFO	[jepsen worker 0] jepsen.util: 0	:invoke	:echo	"Please echo 58"
2025-12-13 09:10:34,984{GMT}	INFO	[jepsen worker 0] jepsen.util: 0	:ok	:echo	{:echo "Please echo 58", :in_reply_to 42, :msg_id 42, :type "echo_ok"}
2025-12-13 09:10:35,057{GMT}	INFO	[jepsen worker 0] jepsen.util: 0	:invoke	:echo	"Please echo 11"
2025-12-13 09:10:35,058{GMT}	INFO	[jepsen worker 0] jepsen.util: 0	:ok	:echo	{:echo "Please echo 11", :in_reply_to 43, :msg_id 43, :type "echo_ok"}
2025-12-13 09:10:35,376{GMT}	INFO	[jepsen worker 0] jepsen.util: 0	:invoke	:echo	"Please echo 1"
2025-12-13 09:10:35,377{GMT}	INFO	[jepsen worker 0] jepsen.util: 0	:ok	:echo	{:echo "Please echo 1", :in_reply_to 44, :msg_id 44, :type "echo_ok"}
2025-12-13 09:10:35,428{GMT}	INFO	[jepsen worker 0] jepsen.util: 0	:invoke	:echo	"Please echo 44"
2025-12-13 09:10:35,429{GMT}	INFO	[jepsen worker 0] jepsen.util: 0	:ok	:echo	{:echo "Please echo 44", :in_reply_to 45, :msg_id 45, :type "echo_ok"}
2025-12-13 09:10:35,729{GMT}	INFO	[jepsen worker 0] jepsen.util: 0	:invoke	:echo	"Please echo 104"
2025-12-13 09:10:35,730{GMT}	INFO	[jepsen worker 0] jepsen.util: 0	:ok	:echo	{:echo "Please echo 104", :in_reply_to 46, :msg_id 46, :type "echo_ok"}
2025-12-13 09:10:35,746{GMT}	INFO	[jepsen worker 0] jepsen.util: 0	:invoke	:echo	"Please echo 18"
2025-12-13 09:10:35,747{GMT}	INFO	[jepsen worker 0] jepsen.util: 0	:ok	:echo	{:echo "Please echo 18", :in_reply_to 47, :msg_id 47, :type "echo_ok"}
2025-12-13 09:10:35,869{GMT}	INFO	[jepsen worker 0] jepsen.util: 0	:invoke	:echo	"Please echo 25"
2025-12-13 09:10:35,870{GMT}	INFO	[jepsen worker 0] jepsen.util: 0	:ok	:echo	{:echo "Please echo 25", :in_reply_to 48, :msg_id 48, :type "echo_ok"}
2025-12-13 09:10:36,205{GMT}	INFO	[jepsen worker 0] jepsen.util: 0	:invoke	:echo	"Please echo 119"
2025-12-13 09:10:36,207{GMT}	INFO	[jepsen worker 0] jepsen.util: 0	:ok	:echo	{:echo "Please echo 119", :in_reply_to 49, :msg_id 49, :type "echo_ok"}
2025-12-13 09:10:36,605{GMT}	INFO	[jepsen worker 0] jepsen.util: 0	:invoke	:echo	"Please echo 23"
2025-12-13 09:10:36,606{GMT}	INFO	[jepsen worker 0] jepsen.util: 0	:ok	:echo	{:echo "Please echo 23", :in_reply_to 50, :msg_id 50, :type "echo_ok"}
2025-12-13 09:10:36,922{GMT}	INFO	[jepsen worker 0] jepsen.util: 0	:invoke	:echo	"Please echo 93"
2025-12-13 09:10:36,923{GMT}	INFO	[jepsen worker 0] jepsen.util: 0	:ok	:echo	{:echo "Please echo 93", :in_reply_to 51, :msg_id 51, :type "echo_ok"}
2025-12-13 09:10:36,942{GMT}	INFO	[jepsen worker 0] jepsen.util: 0	:invoke	:echo	"Please echo 84"
2025-12-13 09:10:36,943{GMT}	INFO	[jepsen worker 0] jepsen.util: 0	:ok	:echo	{:echo "Please echo 84", :in_reply_to 52, :msg_id 52, :type "echo_ok"}
2025-12-13 09:10:37,026{GMT}	INFO	[jepsen worker 0] jepsen.util: 0	:invoke	:echo	"Please echo 28"
2025-12-13 09:10:37,028{GMT}	INFO	[jepsen worker 0] jepsen.util: 0	:ok	:echo	{:echo "Please echo 28", :in_reply_to 53, :msg_id 53, :type "echo_ok"}
2025-12-13 09:10:37,035{GMT}	INFO	[jepsen worker 0] jepsen.util: 0	:invoke	:echo	"Please echo 101"
2025-12-13 09:10:37,036{GMT}	INFO	[jepsen worker 0] jepsen.util: 0	:ok	:echo	{:echo "Please echo 101", :in_reply_to 54, :msg_id 54, :type "echo_ok"}
2025-12-13 09:10:37,149{GMT}	INFO	[jepsen worker 0] jepsen.util: 0	:invoke	:echo	"Please echo 121"
2025-12-13 09:10:37,150{GMT}	INFO	[jepsen worker 0] jepsen.util: 0	:ok	:echo	{:echo "Please echo 121", :in_reply_to 55, :msg_id 55, :type "echo_ok"}
2025-12-13 09:10:37,157{GMT}	INFO	[jepsen test runner] jepsen.core: Run complete, writing
2025-12-13 09:10:37,186{GMT}	INFO	[jepsen node n0] maelstrom.db: Tearing down n0
2025-12-13 09:10:38,170{GMT}	INFO	[jepsen node n0] maelstrom.net: Shutting down Maelstrom network
2025-12-13 09:10:38,171{GMT}	INFO	[jepsen test runner] jepsen.core: Analyzing...
2025-12-13 09:10:38,193{GMT}	WARN	[clojure-agent-send-off-pool-1] jepsen.checker: Error while checking history:
java.lang.IllegalStateException: Error rendering plot, verify gnuplot is installed and reachable
	at jepsen.checker.perf$plot_BANG_.invokeStatic(perf.clj:489)
	at jepsen.checker.perf$plot_BANG_.invoke(perf.clj:426)
	at jepsen.checker.perf$point_graph_BANG_.invokeStatic(perf.clj:520)
	at jepsen.checker.perf$point_graph_BANG_.invoke(perf.clj:493)
	at jepsen.checker$latency_graph$reify__12098.check(checker.clj:830)
	at jepsen.checker$check_safe.invokeStatic(checker.clj:86)
	at jepsen.checker$check_safe.invoke(checker.clj:79)
	at jepsen.checker$compose$reify__11881$fn__11883.invoke(checker.clj:102)
	at clojure.core$pmap$fn__8552$fn__8553.invoke(core.clj:7089)
	at clojure.core$binding_conveyor_fn$fn__5823.invoke(core.clj:2047)
	at clojure.lang.AFn.call(AFn.java:18)
	at java.base/java.util.concurrent.FutureTask.run(FutureTask.java:317)
	at java.base/java.util.concurrent.ThreadPoolExecutor.runWorker(ThreadPoolExecutor.java:1144)
	at java.base/java.util.concurrent.ThreadPoolExecutor$Worker.run(ThreadPoolExecutor.java:642)
	at java.base/java.lang.Thread.run(Thread.java:1583)
Caused by: java.io.IOException: Cannot run program "gnuplot": error=2, No such file or directory
	at java.base/java.lang.ProcessBuilder.start(ProcessBuilder.java:1170)
	at java.base/java.lang.ProcessBuilder.start(ProcessBuilder.java:1089)
	at java.base/java.lang.Runtime.exec(Runtime.java:681)
	at clojure.java.shell$sh.invokeStatic(shell.clj:113)
	at clojure.java.shell$sh.doInvoke(shell.clj:79)
	at clojure.lang.RestFn.invoke(RestFn.java:512)
	at gnuplot.core$run_BANG_.invokeStatic(core.clj:76)
	at gnuplot.core$run_BANG_.invoke(core.clj:66)
	at gnuplot.core$raw_plot_BANG_.invokeStatic(core.clj:106)
	at gnuplot.core$raw_plot_BANG_.invoke(core.clj:91)
	... 15 common frames omitted
Caused by: java.io.IOException: error=2, No such file or directory
	at java.base/java.lang.ProcessImpl.forkAndExec(Native Method)
	at java.base/java.lang.ProcessImpl.<init>(ProcessImpl.java:295)
	at java.base/java.lang.ProcessImpl.start(ProcessImpl.java:225)
	at java.base/java.lang.ProcessBuilder.start(ProcessBuilder.java:1126)
	... 24 common frames omitted
2025-12-13 09:10:38,193{GMT}	WARN	[clojure-agent-send-off-pool-0] jepsen.checker: Error while checking history:
java.lang.IllegalStateException: Error rendering plot, verify gnuplot is installed and reachable
	at jepsen.checker.perf$plot_BANG_.invokeStatic(perf.clj:489)
	at jepsen.checker.perf$plot_BANG_.invoke(perf.clj:426)
	at jepsen.checker.perf$rate_graph_BANG_.invokeStatic(perf.clj:623)
	at jepsen.checker.perf$rate_graph_BANG_.invoke(perf.clj:568)
	at jepsen.checker$rate_graph$reify__12101.check(checker.clj:843)
	at jepsen.checker$check_safe.invokeStatic(checker.clj:86)
	at jepsen.checker$check_safe.invoke(checker.clj:79)
	at jepsen.checker$compose$reify__11881$fn__11883.invoke(checker.clj:102)
	at clojure.core$pmap$fn__8552$fn__8553.invoke(core.clj:7089)
	at clojure.core$binding_conveyor_fn$fn__5823.invoke(core.clj:2047)
	at clojure.lang.AFn.call(AFn.java:18)
	at java.base/java.util.concurrent.FutureTask.run(FutureTask.java:317)
	at java.base/java.util.concurrent.ThreadPoolExecutor.runWorker(ThreadPoolExecutor.java:1144)
	at java.base/java.util.concurrent.ThreadPoolExecutor$Worker.run(ThreadPoolExecutor.java:642)
	at java.base/java.lang.Thread.run(Thread.java:1583)
Caused by: java.io.IOException: Cannot run program "gnuplot": error=2, No such file or directory
	at java.base/java.lang.ProcessBuilder.start(ProcessBuilder.java:1170)
	at java.base/java.lang.ProcessBuilder.start(ProcessBuilder.java:1089)
	at java.base/java.lang.Runtime.exec(Runtime.java:681)
	at clojure.java.shell$sh.invokeStatic(shell.clj:113)
	at clojure.java.shell$sh.doInvoke(shell.clj:79)
	at clojure.lang.RestFn.invoke(RestFn.java:512)
	at gnuplot.core$run_BANG_.invokeStatic(core.clj:76)
	at gnuplot.core$run_BANG_.invoke(core.clj:66)
	at gnuplot.core$raw_plot_BANG_.invokeStatic(core.clj:106)
	at gnuplot.core$raw_plot_BANG_.invoke(core.clj:91)
	... 15 common frames omitted
Caused by: java.io.IOException: error=2, No such file or directory
	at java.base/java.lang.ProcessImpl.forkAndExec(Native Method)
	at java.base/java.lang.ProcessImpl.<init>(ProcessImpl.java:295)
	at java.base/java.lang.ProcessImpl.start(ProcessImpl.java:225)
	at java.base/java.lang.ProcessBuilder.start(ProcessBuilder.java:1126)
	... 24 common frames omitted
2025-12-13 09:10:38,204{GMT}	INFO	[jepsen test runner] jepsen.core: Analysis complete
2025-12-13 09:10:38,211{GMT}	INFO	[jepsen results] jepsen.store: Wrote /home/jay/Dev/fly-distributed-systems/store/echo/20251213T091026.226Z/results.edn
2025-12-13 09:10:38,220{GMT}	INFO	[jepsen test runner] jepsen.core: {:perf {:latency-graph {:valid? :unknown,
                        :error "java.lang.IllegalStateException: Error rendering plot, verify gnuplot is installed and reachable\n at jepsen.checker.perf$plot_BANG_.invokeStatic (perf.clj:489)\n    jepsen.checker.perf$plot_BANG_.invoke (perf.clj:426)\n    jepsen.checker.perf$point_graph_BANG_.invokeStatic (perf.clj:520)\n    jepsen.checker.perf$point_graph_BANG_.invoke (perf.clj:493)\n    jepsen.checker$latency_graph$reify__12098.check (checker.clj:830)\n    jepsen.checker$check_safe.invokeStatic (checker.clj:86)\n    jepsen.checker$check_safe.invoke (checker.clj:79)\n    jepsen.checker$compose$reify__11881$fn__11883.invoke (checker.clj:102)\n    clojure.core$pmap$fn__8552$fn__8553.invoke (core.clj:7089)\n    clojure.core$binding_conveyor_fn$fn__5823.invoke (core.clj:2047)\n    clojure.lang.AFn.call (AFn.java:18)\n    java.util.concurrent.FutureTask.run (FutureTask.java:317)\n    java.util.concurrent.ThreadPoolExecutor.runWorker (ThreadPoolExecutor.java:1144)\n    java.util.concurrent.ThreadPoolExecutor$Worker.run (ThreadPoolExecutor.java:642)\n    java.lang.Thread.run (Thread.java:1583)\nCaused by: java.io.IOException: Cannot run program \"gnuplot\": error=2, No such file or directory\n at java.lang.ProcessBuilder.start (ProcessBuilder.java:1170)\n    java.lang.ProcessBuilder.start (ProcessBuilder.java:1089)\n    java.lang.Runtime.exec (Runtime.java:681)\n    clojure.java.shell$sh.invokeStatic (shell.clj:113)\n    clojure.java.shell$sh.doInvoke (shell.clj:79)\n    clojure.lang.RestFn.invoke (RestFn.java:512)\n    gnuplot.core$run_BANG_.invokeStatic (core.clj:76)\n    gnuplot.core$run_BANG_.invoke (core.clj:66)\n    gnuplot.core$raw_plot_BANG_.invokeStatic (core.clj:106)\n    gnuplot.core$raw_plot_BANG_.invoke (core.clj:91)\n    jepsen.checker.perf$plot_BANG_.invokeStatic (perf.clj:489)\n    jepsen.checker.perf$plot_BANG_.invoke (perf.clj:426)\n    jepsen.checker.perf$point_graph_BANG_.invokeStatic (perf.clj:520)\n    jepsen.checker.perf$point_graph_BANG_.invoke (perf.clj:493)\n    jepsen.checker$latency_graph$reify__12098.check (checker.clj:830)\n    jepsen.checker$check_safe.invokeStatic (checker.clj:86)\n    jepsen.checker$check_safe.invoke (checker.clj:79)\n    jepsen.checker$compose$reify__11881$fn__11883.invoke (checker.clj:102)\n    clojure.core$pmap$fn__8552$fn__8553.invoke (core.clj:7089)\n    clojure.core$binding_conveyor_fn$fn__5823.invoke (core.clj:2047)\n    clojure.lang.AFn.call (AFn.java:18)\n    java.util.concurrent.FutureTask.run (FutureTask.java:317)\n    java.util.concurrent.ThreadPoolExecutor.runWorker (ThreadPoolExecutor.java:1144)\n    java.util.concurrent.ThreadPoolExecutor$Worker.run (ThreadPoolExecutor.java:642)\n    java.lang.Thread.run (Thread.java:1583)\nCaused by: java.io.IOException: error=2, No such file or directory\n at java.lang.ProcessImpl.forkAndExec (ProcessImpl.java:-2)\n    java.lang.ProcessImpl.<init> (ProcessImpl.java:295)\n    java.lang.ProcessImpl.start (ProcessImpl.java:225)\n    java.lang.ProcessBuilder.start (ProcessBuilder.java:1126)\n    java.lang.ProcessBuilder.start (ProcessBuilder.java:1089)\n    java.lang.Runtime.exec (Runtime.java:681)\n    clojure.java.shell$sh.invokeStatic (shell.clj:113)\n    clojure.java.shell$sh.doInvoke (shell.clj:79)\n    clojure.lang.RestFn.invoke (RestFn.java:512)\n    gnuplot.core$run_BANG_.invokeStatic (core.clj:76)\n    gnuplot.core$run_BANG_.invoke (core.clj:66)\n    gnuplot.core$raw_plot_BANG_.invokeStatic (core.clj:106)\n    gnuplot.core$raw_plot_BANG_.invoke (core.clj:91)\n    jepsen.checker.perf$plot_BANG_.invokeStatic (perf.clj:489)\n    jepsen.checker.perf$plot_BANG_.invoke (perf.clj:426)\n    jepsen.checker.perf$point_graph_BANG_.invokeStatic (perf.clj:520)\n    jepsen.checker.perf$point_graph_BANG_.invoke (perf.clj:493)\n    jepsen.checker$latency_graph$reify__12098.check (checker.clj:830)\n    jepsen.checker$check_safe.invokeStatic (checker.clj:86)\n    jepsen.checker$check_safe.invoke (checker.clj:79)\n    jepsen.checker$compose$reify__11881$fn__11883.invoke (checker.clj:102)\n    clojure.core$pmap$fn__8552$fn__8553.invoke (core.clj:7089)\n    clojure.core$binding_conveyor_fn$fn__5823.invoke (core.clj:2047)\n    clojure.lang.AFn.call (AFn.java:18)\n    java.util.concurrent.FutureTask.run (FutureTask.java:317)\n    java.util.concurrent.ThreadPoolExecutor.runWorker (ThreadPoolExecutor.java:1144)\n    java.util.concurrent.ThreadPoolExecutor$Worker.run (ThreadPoolExecutor.java:642)\n    java.lang.Thread.run (Thread.java:1583)\n"},
        :rate-graph {:valid? :unknown,
                     :error "java.lang.IllegalStateException: Error rendering plot, verify gnuplot is installed and reachable\n at jepsen.checker.perf$plot_BANG_.invokeStatic (perf.clj:489)\n    jepsen.checker.perf$plot_BANG_.invoke (perf.clj:426)\n    jepsen.checker.perf$rate_graph_BANG_.invokeStatic (perf.clj:623)\n    jepsen.checker.perf$rate_graph_BANG_.invoke (perf.clj:568)\n    jepsen.checker$rate_graph$reify__12101.check (checker.clj:843)\n    jepsen.checker$check_safe.invokeStatic (checker.clj:86)\n    jepsen.checker$check_safe.invoke (checker.clj:79)\n    jepsen.checker$compose$reify__11881$fn__11883.invoke (checker.clj:102)\n    clojure.core$pmap$fn__8552$fn__8553.invoke (core.clj:7089)\n    clojure.core$binding_conveyor_fn$fn__5823.invoke (core.clj:2047)\n    clojure.lang.AFn.call (AFn.java:18)\n    java.util.concurrent.FutureTask.run (FutureTask.java:317)\n    java.util.concurrent.ThreadPoolExecutor.runWorker (ThreadPoolExecutor.java:1144)\n    java.util.concurrent.ThreadPoolExecutor$Worker.run (ThreadPoolExecutor.java:642)\n    java.lang.Thread.run (Thread.java:1583)\nCaused by: java.io.IOException: Cannot run program \"gnuplot\": error=2, No such file or directory\n at java.lang.ProcessBuilder.start (ProcessBuilder.java:1170)\n    java.lang.ProcessBuilder.start (ProcessBuilder.java:1089)\n    java.lang.Runtime.exec (Runtime.java:681)\n    clojure.java.shell$sh.invokeStatic (shell.clj:113)\n    clojure.java.shell$sh.doInvoke (shell.clj:79)\n    clojure.lang.RestFn.invoke (RestFn.java:512)\n    gnuplot.core$run_BANG_.invokeStatic (core.clj:76)\n    gnuplot.core$run_BANG_.invoke (core.clj:66)\n    gnuplot.core$raw_plot_BANG_.invokeStatic (core.clj:106)\n    gnuplot.core$raw_plot_BANG_.invoke (core.clj:91)\n    jepsen.checker.perf$plot_BANG_.invokeStatic (perf.clj:489)\n    jepsen.checker.perf$plot_BANG_.invoke (perf.clj:426)\n    jepsen.checker.perf$rate_graph_BANG_.invokeStatic (perf.clj:623)\n    jepsen.checker.perf$rate_graph_BANG_.invoke (perf.clj:568)\n    jepsen.checker$rate_graph$reify__12101.check (checker.clj:843)\n    jepsen.checker$check_safe.invokeStatic (checker.clj:86)\n    jepsen.checker$check_safe.invoke (checker.clj:79)\n    jepsen.checker$compose$reify__11881$fn__11883.invoke (checker.clj:102)\n    clojure.core$pmap$fn__8552$fn__8553.invoke (core.clj:7089)\n    clojure.core$binding_conveyor_fn$fn__5823.invoke (core.clj:2047)\n    clojure.lang.AFn.call (AFn.java:18)\n    java.util.concurrent.FutureTask.run (FutureTask.java:317)\n    java.util.concurrent.ThreadPoolExecutor.runWorker (ThreadPoolExecutor.java:1144)\n    java.util.concurrent.ThreadPoolExecutor$Worker.run (ThreadPoolExecutor.java:642)\n    java.lang.Thread.run (Thread.java:1583)\nCaused by: java.io.IOException: error=2, No such file or directory\n at java.lang.ProcessImpl.forkAndExec (ProcessImpl.java:-2)\n    java.lang.ProcessImpl.<init> (ProcessImpl.java:295)\n    java.lang.ProcessImpl.start (ProcessImpl.java:225)\n    java.lang.ProcessBuilder.start (ProcessBuilder.java:1126)\n    java.lang.ProcessBuilder.start (ProcessBuilder.java:1089)\n    java.lang.Runtime.exec (Runtime.java:681)\n    clojure.java.shell$sh.invokeStatic (shell.clj:113)\n    clojure.java.shell$sh.doInvoke (shell.clj:79)\n    clojure.lang.RestFn.invoke (RestFn.java:512)\n    gnuplot.core$run_BANG_.invokeStatic (core.clj:76)\n    gnuplot.core$run_BANG_.invoke (core.clj:66)\n    gnuplot.core$raw_plot_BANG_.invokeStatic (core.clj:106)\n    gnuplot.core$raw_plot_BANG_.invoke (core.clj:91)\n    jepsen.checker.perf$plot_BANG_.invokeStatic (perf.clj:489)\n    jepsen.checker.perf$plot_BANG_.invoke (perf.clj:426)\n    jepsen.checker.perf$rate_graph_BANG_.invokeStatic (perf.clj:623)\n    jepsen.checker.perf$rate_graph_BANG_.invoke (perf.clj:568)\n    jepsen.checker$rate_graph$reify__12101.check (checker.clj:843)\n    jepsen.checker$check_safe.invokeStatic (checker.clj:86)\n    jepsen.checker$check_safe.invoke (checker.clj:79)\n    jepsen.checker$compose$reify__11881$fn__11883.invoke (checker.clj:102)\n    clojure.core$pmap$fn__8552$fn__8553.invoke (core.clj:7089)\n    clojure.core$binding_conveyor_fn$fn__5823.invoke (core.clj:2047)\n    clojure.lang.AFn.call (AFn.java:18)\n    java.util.concurrent.FutureTask.run (FutureTask.java:317)\n    java.util.concurrent.ThreadPoolExecutor.runWorker (ThreadPoolExecutor.java:1144)\n    java.util.concurrent.ThreadPoolExecutor$Worker.run (ThreadPoolExecutor.java:642)\n    java.lang.Thread.run (Thread.java:1583)\n"},
        :valid? :unknown},
 :timeline {:valid? true},
 :exceptions {:valid? true},
 :stats {:valid? true,
         :count 55,
         :ok-count 55,
         :fail-count 0,
         :info-count 0,
         :by-f {:echo {:valid? true,
                       :count 55,
                       :ok-count 55,
                       :fail-count 0,
                       :info-count 0}}},
 :availability {:valid? true, :ok-fraction 1.0},
 :net {:all {:send-count 112,
             :recv-count 112,
             :msg-count 112,
             :msgs-per-op 2.0363636},
       :clients {:send-count 112, :recv-count 112, :msg-count 112},
       :servers {:send-count 0,
                 :recv-count 0,
                 :msg-count 0,
                 :msgs-per-op 0.0},
       :valid? true},
 :workload {:valid? true, :errors ()},
 :valid? :unknown}


Errors occurred during analysis, but no anomalies found. ಠ~ಠ
