2025-12-13 09:05:00,994{GMT}	INFO	[jepsen test runner] jepsen.core: Command line:
lein run test -w echo --bin ./bin/maelstrom --node-count 1 --time-limit 10
2025-12-13 09:05:01,027{GMT}	INFO	[jepsen test runner] jepsen.core: Running test:
{:args []
 :remote
 #jepsen.control.retry.Remote{:remote #jepsen.control.scp.Remote{:cmd-remote #jepsen.control.sshj.SSHJRemote{:concurrency-limit 6,
                                                                                                             :conn-spec nil,
                                                                                                             :client nil,
                                                                                                             :semaphore nil},
                                                                 :conn-spec nil},
                              :conn nil}
 :log-net-send false
 :node-count 1
 :availability nil
 :max-txn-length 4
 :concurrency 1
 :db
 #object[maelstrom.db$db$reify__16142
         "0x7781b55f"
         "maelstrom.db$db$reify__16142@7781b55f"]
 :max-writes-per-key 16
 :leave-db-running? false
 :name "echo"
 :logging-json? false
 :start-time
 #object[org.joda.time.DateTime "0x25c6a9de" "2025-12-13T09:05:00.979Z"]
 :nemesis-interval 10
 :net
 #object[maelstrom.net$jepsen_net$reify__15251
         "0x142422a4"
         "maelstrom.net$jepsen_net$reify__15251@142422a4"]
 :client
 #object[maelstrom.workload.echo$client$reify__16863
         "0x3c9cd930"
         "maelstrom.workload.echo$client$reify__16863@3c9cd930"]
 :barrier
 #object[java.util.concurrent.CyclicBarrier
         "0x5dcbdcb9"
         "java.util.concurrent.CyclicBarrier@5dcbdcb9"]
 :log-stderr false
 :pure-generators true
 :ssh {:dummy? true}
 :rate 5
 :checker
 #object[jepsen.checker$compose$reify__11881
         "0x4dd31687"
         "jepsen.checker$compose$reify__11881@4dd31687"]
 :argv
 ("test"
  "-w"
  "echo"
  "--bin"
  "./bin/maelstrom"
  "--node-count"
  "1"
  "--time-limit"
  "10")
 :nemesis
 (jepsen.nemesis.ReflCompose
  {:fm {:start-partition 0,
        :stop-partition 0,
        :kill 1,
        :start 1,
        :pause 1,
        :resume 1},
   :nemeses [#unprintable "jepsen.nemesis.combined$partition_nemesis$reify__16416@78d72c9b"
             #unprintable "jepsen.nemesis.combined$db_nemesis$reify__16397@22d82fe8"]})
 :nodes ["n0"]
 :test-count 1
 :latency {:mean 0, :dist :constant}
 :bin "./bin/maelstrom"
 :generator
 (jepsen.generator.TimeLimit
  {:limit 10000000000,
   :cutoff nil,
   :gen (jepsen.generator.Any
         {:gens [(jepsen.generator.OnThreads
                  {:f #{:nemesis},
                   :context-filter #object[jepsen.generator.context$make_thread_filter$lazy_filter__9167
                                           "0x274f51ad"
                                           "jepsen.generator.context$make_thread_filter$lazy_filter__9167@274f51ad"],
                   :gen nil})
                 (jepsen.generator.OnThreads
                  {:f #jepsen.generator.context.AllBut{:element :nemesis},
                   :context-filter #object[jepsen.generator.context$make_thread_filter$lazy_filter__9167
                                           "0x33c976b1"
                                           "jepsen.generator.context$make_thread_filter$lazy_filter__9167@33c976b1"],
                   :gen (jepsen.generator.Stagger
                         {:dt 400000000,
                          :next-time nil,
                          :gen (jepsen.generator.EachThread
                                {:fresh-gen #object[maelstrom.workload.echo$workload$fn__16882
                                                    "0x2c95cb24"
                                                    "maelstrom.workload.echo$workload$fn__16882@2c95cb24"],
                                 :context-filters #object[clojure.core$promise$reify__8591
                                                          "0x75f3c0c9"
                                                          {:status :pending,
                                                           :val nil}],
                                 :gens {}})})})]})})
 :log-net-recv false
 :os
 #object[maelstrom.net$jepsen_os$reify__15254
         "0x28ec35e3"
         "maelstrom.net$jepsen_os$reify__15254@28ec35e3"]
 :time-limit 10
 :workload :echo
 :consistency-models [:strict-serializable]
 :topology :grid}

2025-12-13 09:05:01,877{GMT}	INFO	[jepsen node n0] maelstrom.net: Starting Maelstrom network
2025-12-13 09:05:01,878{GMT}	INFO	[jepsen test runner] jepsen.db: Tearing down DB
2025-12-13 09:05:01,879{GMT}	INFO	[jepsen test runner] jepsen.db: Setting up DB
2025-12-13 09:05:01,880{GMT}	INFO	[jepsen node n0] maelstrom.service: Starting services: (lin-kv lin-tso lww-kv seq-kv)
2025-12-13 09:05:01,880{GMT}	INFO	[jepsen node n0] maelstrom.db: Setting up n0
2025-12-13 09:05:01,881{GMT}	INFO	[jepsen node n0] maelstrom.process: launching ./bin/maelstrom []
2025-12-13 09:05:01,896{GMT}	INFO	[jepsen test runner] jepsen.core: Relative time begins now
2025-12-13 09:05:01,909{GMT}	INFO	[jepsen worker 0] jepsen.util: 0	:invoke	:echo	"Please echo 122"
2025-12-13 09:05:01,913{GMT}	INFO	[jepsen worker 0] jepsen.util: 0	:ok	:echo	{:echo "Please echo 122", :in_reply_to 1, :msg_id 1, :type "echo_ok"}
2025-12-13 09:05:02,149{GMT}	INFO	[jepsen worker 0] jepsen.util: 0	:invoke	:echo	"Please echo 29"
2025-12-13 09:05:02,150{GMT}	INFO	[jepsen worker 0] jepsen.util: 0	:ok	:echo	{:echo "Please echo 29", :in_reply_to 2, :msg_id 2, :type "echo_ok"}
2025-12-13 09:05:02,324{GMT}	INFO	[jepsen worker 0] jepsen.util: 0	:invoke	:echo	"Please echo 45"
2025-12-13 09:05:02,326{GMT}	INFO	[jepsen worker 0] jepsen.util: 0	:ok	:echo	{:echo "Please echo 45", :in_reply_to 3, :msg_id 3, :type "echo_ok"}
2025-12-13 09:05:02,715{GMT}	INFO	[jepsen worker 0] jepsen.util: 0	:invoke	:echo	"Please echo 23"
2025-12-13 09:05:02,717{GMT}	INFO	[jepsen worker 0] jepsen.util: 0	:ok	:echo	{:echo "Please echo 23", :in_reply_to 4, :msg_id 4, :type "echo_ok"}
2025-12-13 09:05:02,843{GMT}	INFO	[jepsen worker 0] jepsen.util: 0	:invoke	:echo	"Please echo 108"
2025-12-13 09:05:02,845{GMT}	INFO	[jepsen worker 0] jepsen.util: 0	:ok	:echo	{:echo "Please echo 108", :in_reply_to 5, :msg_id 5, :type "echo_ok"}
2025-12-13 09:05:02,871{GMT}	INFO	[jepsen worker 0] jepsen.util: 0	:invoke	:echo	"Please echo 123"
2025-12-13 09:05:02,872{GMT}	INFO	[jepsen worker 0] jepsen.util: 0	:ok	:echo	{:echo "Please echo 123", :in_reply_to 6, :msg_id 6, :type "echo_ok"}
2025-12-13 09:05:03,051{GMT}	INFO	[jepsen worker 0] jepsen.util: 0	:invoke	:echo	"Please echo 92"
2025-12-13 09:05:03,052{GMT}	INFO	[jepsen worker 0] jepsen.util: 0	:ok	:echo	{:echo "Please echo 92", :in_reply_to 7, :msg_id 7, :type "echo_ok"}
2025-12-13 09:05:03,052{GMT}	INFO	[jepsen worker 0] jepsen.util: 0	:invoke	:echo	"Please echo 52"
2025-12-13 09:05:03,053{GMT}	INFO	[jepsen worker 0] jepsen.util: 0	:ok	:echo	{:echo "Please echo 52", :in_reply_to 8, :msg_id 8, :type "echo_ok"}
2025-12-13 09:05:03,318{GMT}	INFO	[jepsen worker 0] jepsen.util: 0	:invoke	:echo	"Please echo 105"
2025-12-13 09:05:03,320{GMT}	INFO	[jepsen worker 0] jepsen.util: 0	:ok	:echo	{:echo "Please echo 105", :in_reply_to 9, :msg_id 9, :type "echo_ok"}
2025-12-13 09:05:03,451{GMT}	INFO	[jepsen worker 0] jepsen.util: 0	:invoke	:echo	"Please echo 81"
2025-12-13 09:05:03,452{GMT}	INFO	[jepsen worker 0] jepsen.util: 0	:ok	:echo	{:echo "Please echo 81", :in_reply_to 10, :msg_id 10, :type "echo_ok"}
2025-12-13 09:05:03,719{GMT}	INFO	[jepsen worker 0] jepsen.util: 0	:invoke	:echo	"Please echo 14"
2025-12-13 09:05:03,720{GMT}	INFO	[jepsen worker 0] jepsen.util: 0	:ok	:echo	{:echo "Please echo 14", :in_reply_to 11, :msg_id 11, :type "echo_ok"}
2025-12-13 09:05:03,791{GMT}	INFO	[jepsen worker 0] jepsen.util: 0	:invoke	:echo	"Please echo 46"
2025-12-13 09:05:03,792{GMT}	INFO	[jepsen worker 0] jepsen.util: 0	:ok	:echo	{:echo "Please echo 46", :in_reply_to 12, :msg_id 12, :type "echo_ok"}
2025-12-13 09:05:03,902{GMT}	INFO	[jepsen worker 0] jepsen.util: 0	:invoke	:echo	"Please echo 27"
2025-12-13 09:05:03,904{GMT}	INFO	[jepsen worker 0] jepsen.util: 0	:ok	:echo	{:echo "Please echo 27", :in_reply_to 13, :msg_id 13, :type "echo_ok"}
2025-12-13 09:05:03,984{GMT}	INFO	[jepsen worker 0] jepsen.util: 0	:invoke	:echo	"Please echo 47"
2025-12-13 09:05:03,985{GMT}	INFO	[jepsen worker 0] jepsen.util: 0	:ok	:echo	{:echo "Please echo 47", :in_reply_to 14, :msg_id 14, :type "echo_ok"}
2025-12-13 09:05:04,151{GMT}	INFO	[jepsen worker 0] jepsen.util: 0	:invoke	:echo	"Please echo 13"
2025-12-13 09:05:04,152{GMT}	INFO	[jepsen worker 0] jepsen.util: 0	:ok	:echo	{:echo "Please echo 13", :in_reply_to 15, :msg_id 15, :type "echo_ok"}
2025-12-13 09:05:04,255{GMT}	INFO	[jepsen worker 0] jepsen.util: 0	:invoke	:echo	"Please echo 33"
2025-12-13 09:05:04,256{GMT}	INFO	[jepsen worker 0] jepsen.util: 0	:ok	:echo	{:echo "Please echo 33", :in_reply_to 16, :msg_id 16, :type "echo_ok"}
2025-12-13 09:05:04,333{GMT}	INFO	[jepsen worker 0] jepsen.util: 0	:invoke	:echo	"Please echo 100"
2025-12-13 09:05:04,334{GMT}	INFO	[jepsen worker 0] jepsen.util: 0	:ok	:echo	{:echo "Please echo 100", :in_reply_to 17, :msg_id 17, :type "echo_ok"}
2025-12-13 09:05:04,434{GMT}	INFO	[jepsen worker 0] jepsen.util: 0	:invoke	:echo	"Please echo 61"
2025-12-13 09:05:04,435{GMT}	INFO	[jepsen worker 0] jepsen.util: 0	:ok	:echo	{:echo "Please echo 61", :in_reply_to 18, :msg_id 18, :type "echo_ok"}
2025-12-13 09:05:04,619{GMT}	INFO	[jepsen worker 0] jepsen.util: 0	:invoke	:echo	"Please echo 114"
2025-12-13 09:05:04,620{GMT}	INFO	[jepsen worker 0] jepsen.util: 0	:ok	:echo	{:echo "Please echo 114", :in_reply_to 19, :msg_id 19, :type "echo_ok"}
2025-12-13 09:05:04,847{GMT}	INFO	[jepsen worker 0] jepsen.util: 0	:invoke	:echo	"Please echo 94"
2025-12-13 09:05:04,849{GMT}	INFO	[jepsen worker 0] jepsen.util: 0	:ok	:echo	{:echo "Please echo 94", :in_reply_to 20, :msg_id 20, :type "echo_ok"}
2025-12-13 09:05:05,231{GMT}	INFO	[jepsen worker 0] jepsen.util: 0	:invoke	:echo	"Please echo 127"
2025-12-13 09:05:05,232{GMT}	INFO	[jepsen worker 0] jepsen.util: 0	:ok	:echo	{:echo "Please echo 127", :in_reply_to 21, :msg_id 21, :type "echo_ok"}
2025-12-13 09:05:05,449{GMT}	INFO	[jepsen worker 0] jepsen.util: 0	:invoke	:echo	"Please echo 47"
2025-12-13 09:05:05,451{GMT}	INFO	[jepsen worker 0] jepsen.util: 0	:ok	:echo	{:echo "Please echo 47", :in_reply_to 22, :msg_id 22, :type "echo_ok"}
2025-12-13 09:05:05,653{GMT}	INFO	[jepsen worker 0] jepsen.util: 0	:invoke	:echo	"Please echo 3"
2025-12-13 09:05:05,654{GMT}	INFO	[jepsen worker 0] jepsen.util: 0	:ok	:echo	{:echo "Please echo 3", :in_reply_to 23, :msg_id 23, :type "echo_ok"}
2025-12-13 09:05:05,919{GMT}	INFO	[jepsen worker 0] jepsen.util: 0	:invoke	:echo	"Please echo 82"
2025-12-13 09:05:05,920{GMT}	INFO	[jepsen worker 0] jepsen.util: 0	:ok	:echo	{:echo "Please echo 82", :in_reply_to 24, :msg_id 24, :type "echo_ok"}
2025-12-13 09:05:06,252{GMT}	INFO	[jepsen worker 0] jepsen.util: 0	:invoke	:echo	"Please echo 107"
2025-12-13 09:05:06,253{GMT}	INFO	[jepsen worker 0] jepsen.util: 0	:ok	:echo	{:echo "Please echo 107", :in_reply_to 25, :msg_id 25, :type "echo_ok"}
2025-12-13 09:05:06,345{GMT}	INFO	[jepsen worker 0] jepsen.util: 0	:invoke	:echo	"Please echo 59"
2025-12-13 09:05:06,346{GMT}	INFO	[jepsen worker 0] jepsen.util: 0	:ok	:echo	{:echo "Please echo 59", :in_reply_to 26, :msg_id 26, :type "echo_ok"}
2025-12-13 09:05:06,636{GMT}	INFO	[jepsen worker 0] jepsen.util: 0	:invoke	:echo	"Please echo 89"
2025-12-13 09:05:06,638{GMT}	INFO	[jepsen worker 0] jepsen.util: 0	:ok	:echo	{:echo "Please echo 89", :in_reply_to 27, :msg_id 27, :type "echo_ok"}
2025-12-13 09:05:06,949{GMT}	INFO	[jepsen worker 0] jepsen.util: 0	:invoke	:echo	"Please echo 84"
2025-12-13 09:05:06,951{GMT}	INFO	[jepsen worker 0] jepsen.util: 0	:ok	:echo	{:echo "Please echo 84", :in_reply_to 28, :msg_id 28, :type "echo_ok"}
2025-12-13 09:05:07,161{GMT}	INFO	[jepsen worker 0] jepsen.util: 0	:invoke	:echo	"Please echo 48"
2025-12-13 09:05:07,162{GMT}	INFO	[jepsen worker 0] jepsen.util: 0	:ok	:echo	{:echo "Please echo 48", :in_reply_to 29, :msg_id 29, :type "echo_ok"}
2025-12-13 09:05:07,339{GMT}	INFO	[jepsen worker 0] jepsen.util: 0	:invoke	:echo	"Please echo 13"
2025-12-13 09:05:07,340{GMT}	INFO	[jepsen worker 0] jepsen.util: 0	:ok	:echo	{:echo "Please echo 13", :in_reply_to 30, :msg_id 30, :type "echo_ok"}
2025-12-13 09:05:07,633{GMT}	INFO	[jepsen worker 0] jepsen.util: 0	:invoke	:echo	"Please echo 98"
2025-12-13 09:05:07,634{GMT}	INFO	[jepsen worker 0] jepsen.util: 0	:ok	:echo	{:echo "Please echo 98", :in_reply_to 31, :msg_id 31, :type "echo_ok"}
2025-12-13 09:05:08,029{GMT}	INFO	[jepsen worker 0] jepsen.util: 0	:invoke	:echo	"Please echo 125"
2025-12-13 09:05:08,030{GMT}	INFO	[jepsen worker 0] jepsen.util: 0	:ok	:echo	{:echo "Please echo 125", :in_reply_to 32, :msg_id 32, :type "echo_ok"}
2025-12-13 09:05:08,404{GMT}	INFO	[jepsen worker 0] jepsen.util: 0	:invoke	:echo	"Please echo 53"
2025-12-13 09:05:08,405{GMT}	INFO	[jepsen worker 0] jepsen.util: 0	:ok	:echo	{:echo "Please echo 53", :in_reply_to 33, :msg_id 33, :type "echo_ok"}
2025-12-13 09:05:08,440{GMT}	INFO	[jepsen worker 0] jepsen.util: 0	:invoke	:echo	"Please echo 110"
2025-12-13 09:05:08,441{GMT}	INFO	[jepsen worker 0] jepsen.util: 0	:ok	:echo	{:echo "Please echo 110", :in_reply_to 34, :msg_id 34, :type "echo_ok"}
2025-12-13 09:05:08,441{GMT}	INFO	[jepsen worker 0] jepsen.util: 0	:invoke	:echo	"Please echo 63"
2025-12-13 09:05:08,442{GMT}	INFO	[jepsen worker 0] jepsen.util: 0	:ok	:echo	{:echo "Please echo 63", :in_reply_to 35, :msg_id 35, :type "echo_ok"}
2025-12-13 09:05:08,652{GMT}	INFO	[jepsen worker 0] jepsen.util: 0	:invoke	:echo	"Please echo 109"
2025-12-13 09:05:08,653{GMT}	INFO	[jepsen worker 0] jepsen.util: 0	:ok	:echo	{:echo "Please echo 109", :in_reply_to 36, :msg_id 36, :type "echo_ok"}
2025-12-13 09:05:09,020{GMT}	INFO	[jepsen worker 0] jepsen.util: 0	:invoke	:echo	"Please echo 88"
2025-12-13 09:05:09,022{GMT}	INFO	[jepsen worker 0] jepsen.util: 0	:ok	:echo	{:echo "Please echo 88", :in_reply_to 37, :msg_id 37, :type "echo_ok"}
2025-12-13 09:05:09,143{GMT}	INFO	[jepsen worker 0] jepsen.util: 0	:invoke	:echo	"Please echo 22"
2025-12-13 09:05:09,144{GMT}	INFO	[jepsen worker 0] jepsen.util: 0	:ok	:echo	{:echo "Please echo 22", :in_reply_to 38, :msg_id 38, :type "echo_ok"}
2025-12-13 09:05:09,204{GMT}	INFO	[jepsen worker 0] jepsen.util: 0	:invoke	:echo	"Please echo 112"
2025-12-13 09:05:09,205{GMT}	INFO	[jepsen worker 0] jepsen.util: 0	:ok	:echo	{:echo "Please echo 112", :in_reply_to 39, :msg_id 39, :type "echo_ok"}
2025-12-13 09:05:09,419{GMT}	INFO	[jepsen worker 0] jepsen.util: 0	:invoke	:echo	"Please echo 63"
2025-12-13 09:05:09,420{GMT}	INFO	[jepsen worker 0] jepsen.util: 0	:ok	:echo	{:echo "Please echo 63", :in_reply_to 40, :msg_id 40, :type "echo_ok"}
2025-12-13 09:05:09,683{GMT}	INFO	[jepsen worker 0] jepsen.util: 0	:invoke	:echo	"Please echo 54"
2025-12-13 09:05:09,684{GMT}	INFO	[jepsen worker 0] jepsen.util: 0	:ok	:echo	{:echo "Please echo 54", :in_reply_to 41, :msg_id 41, :type "echo_ok"}
2025-12-13 09:05:09,871{GMT}	INFO	[jepsen worker 0] jepsen.util: 0	:invoke	:echo	"Please echo 91"
2025-12-13 09:05:09,872{GMT}	INFO	[jepsen worker 0] jepsen.util: 0	:ok	:echo	{:echo "Please echo 91", :in_reply_to 42, :msg_id 42, :type "echo_ok"}
2025-12-13 09:05:10,139{GMT}	INFO	[jepsen worker 0] jepsen.util: 0	:invoke	:echo	"Please echo 4"
2025-12-13 09:05:10,140{GMT}	INFO	[jepsen worker 0] jepsen.util: 0	:ok	:echo	{:echo "Please echo 4", :in_reply_to 43, :msg_id 43, :type "echo_ok"}
2025-12-13 09:05:10,376{GMT}	INFO	[jepsen worker 0] jepsen.util: 0	:invoke	:echo	"Please echo 53"
2025-12-13 09:05:10,377{GMT}	INFO	[jepsen worker 0] jepsen.util: 0	:ok	:echo	{:echo "Please echo 53", :in_reply_to 44, :msg_id 44, :type "echo_ok"}
2025-12-13 09:05:10,471{GMT}	INFO	[jepsen worker 0] jepsen.util: 0	:invoke	:echo	"Please echo 60"
2025-12-13 09:05:10,472{GMT}	INFO	[jepsen worker 0] jepsen.util: 0	:ok	:echo	{:echo "Please echo 60", :in_reply_to 45, :msg_id 45, :type "echo_ok"}
2025-12-13 09:05:10,541{GMT}	INFO	[jepsen worker 0] jepsen.util: 0	:invoke	:echo	"Please echo 121"
2025-12-13 09:05:10,542{GMT}	INFO	[jepsen worker 0] jepsen.util: 0	:ok	:echo	{:echo "Please echo 121", :in_reply_to 46, :msg_id 46, :type "echo_ok"}
2025-12-13 09:05:10,916{GMT}	INFO	[jepsen worker 0] jepsen.util: 0	:invoke	:echo	"Please echo 38"
2025-12-13 09:05:10,918{GMT}	INFO	[jepsen worker 0] jepsen.util: 0	:ok	:echo	{:echo "Please echo 38", :in_reply_to 47, :msg_id 47, :type "echo_ok"}
2025-12-13 09:05:10,998{GMT}	INFO	[jepsen worker 0] jepsen.util: 0	:invoke	:echo	"Please echo 23"
2025-12-13 09:05:10,999{GMT}	INFO	[jepsen worker 0] jepsen.util: 0	:ok	:echo	{:echo "Please echo 23", :in_reply_to 48, :msg_id 48, :type "echo_ok"}
2025-12-13 09:05:11,127{GMT}	INFO	[jepsen worker 0] jepsen.util: 0	:invoke	:echo	"Please echo 3"
2025-12-13 09:05:11,127{GMT}	INFO	[jepsen worker 0] jepsen.util: 0	:ok	:echo	{:echo "Please echo 3", :in_reply_to 49, :msg_id 49, :type "echo_ok"}
2025-12-13 09:05:11,310{GMT}	INFO	[jepsen worker 0] jepsen.util: 0	:invoke	:echo	"Please echo 64"
2025-12-13 09:05:11,311{GMT}	INFO	[jepsen worker 0] jepsen.util: 0	:ok	:echo	{:echo "Please echo 64", :in_reply_to 50, :msg_id 50, :type "echo_ok"}
2025-12-13 09:05:11,386{GMT}	INFO	[jepsen worker 0] jepsen.util: 0	:invoke	:echo	"Please echo 111"
2025-12-13 09:05:11,387{GMT}	INFO	[jepsen worker 0] jepsen.util: 0	:ok	:echo	{:echo "Please echo 111", :in_reply_to 51, :msg_id 51, :type "echo_ok"}
2025-12-13 09:05:11,758{GMT}	INFO	[jepsen worker 0] jepsen.util: 0	:invoke	:echo	"Please echo 22"
2025-12-13 09:05:11,759{GMT}	INFO	[jepsen worker 0] jepsen.util: 0	:ok	:echo	{:echo "Please echo 22", :in_reply_to 52, :msg_id 52, :type "echo_ok"}
2025-12-13 09:05:11,851{GMT}	INFO	[jepsen worker 0] jepsen.util: 0	:invoke	:echo	"Please echo 112"
2025-12-13 09:05:11,852{GMT}	INFO	[jepsen worker 0] jepsen.util: 0	:ok	:echo	{:echo "Please echo 112", :in_reply_to 53, :msg_id 53, :type "echo_ok"}
2025-12-13 09:05:11,864{GMT}	INFO	[jepsen test runner] jepsen.core: Run complete, writing
2025-12-13 09:05:11,891{GMT}	INFO	[jepsen node n0] maelstrom.db: Tearing down n0
2025-12-13 09:05:12,884{GMT}	INFO	[jepsen node n0] maelstrom.net: Shutting down Maelstrom network
2025-12-13 09:05:12,884{GMT}	INFO	[jepsen test runner] jepsen.core: Analyzing...
2025-12-13 09:05:12,906{GMT}	WARN	[clojure-agent-send-off-pool-0] jepsen.checker: Error while checking history:
java.lang.IllegalStateException: Error rendering plot, verify gnuplot is installed and reachable
	at jepsen.checker.perf$plot_BANG_.invokeStatic(perf.clj:489)
	at jepsen.checker.perf$plot_BANG_.invoke(perf.clj:426)
	at jepsen.checker.perf$rate_graph_BANG_.invokeStatic(perf.clj:623)
	at jepsen.checker.perf$rate_graph_BANG_.invoke(perf.clj:568)
	at jepsen.checker$rate_graph$reify__12101.check(checker.clj:843)
	at jepsen.checker$check_safe.invokeStatic(checker.clj:86)
	at jepsen.checker$check_safe.invoke(checker.clj:79)
	at jepsen.checker$compose$reify__11881$fn__11883.invoke(checker.clj:102)
	at clojure.core$pmap$fn__8552$fn__8553.invoke(core.clj:7089)
	at clojure.core$binding_conveyor_fn$fn__5823.invoke(core.clj:2047)
	at clojure.lang.AFn.call(AFn.java:18)
	at java.base/java.util.concurrent.FutureTask.run(FutureTask.java:317)
	at java.base/java.util.concurrent.ThreadPoolExecutor.runWorker(ThreadPoolExecutor.java:1144)
	at java.base/java.util.concurrent.ThreadPoolExecutor$Worker.run(ThreadPoolExecutor.java:642)
	at java.base/java.lang.Thread.run(Thread.java:1583)
Caused by: java.io.IOException: Cannot run program "gnuplot": error=2, No such file or directory
	at java.base/java.lang.ProcessBuilder.start(ProcessBuilder.java:1170)
	at java.base/java.lang.ProcessBuilder.start(ProcessBuilder.java:1089)
	at java.base/java.lang.Runtime.exec(Runtime.java:681)
	at clojure.java.shell$sh.invokeStatic(shell.clj:113)
	at clojure.java.shell$sh.doInvoke(shell.clj:79)
	at clojure.lang.RestFn.invoke(RestFn.java:512)
	at gnuplot.core$run_BANG_.invokeStatic(core.clj:76)
	at gnuplot.core$run_BANG_.invoke(core.clj:66)
	at gnuplot.core$raw_plot_BANG_.invokeStatic(core.clj:106)
	at gnuplot.core$raw_plot_BANG_.invoke(core.clj:91)
	... 15 common frames omitted
Caused by: java.io.IOException: error=2, No such file or directory
	at java.base/java.lang.ProcessImpl.forkAndExec(Native Method)
	at java.base/java.lang.ProcessImpl.<init>(ProcessImpl.java:295)
	at java.base/java.lang.ProcessImpl.start(ProcessImpl.java:225)
	at java.base/java.lang.ProcessBuilder.start(ProcessBuilder.java:1126)
	... 24 common frames omitted
2025-12-13 09:05:12,907{GMT}	WARN	[clojure-agent-send-off-pool-1] jepsen.checker: Error while checking history:
java.lang.IllegalStateException: Error rendering plot, verify gnuplot is installed and reachable
	at jepsen.checker.perf$plot_BANG_.invokeStatic(perf.clj:489)
	at jepsen.checker.perf$plot_BANG_.invoke(perf.clj:426)
	at jepsen.checker.perf$point_graph_BANG_.invokeStatic(perf.clj:520)
	at jepsen.checker.perf$point_graph_BANG_.invoke(perf.clj:493)
	at jepsen.checker$latency_graph$reify__12098.check(checker.clj:830)
	at jepsen.checker$check_safe.invokeStatic(checker.clj:86)
	at jepsen.checker$check_safe.invoke(checker.clj:79)
	at jepsen.checker$compose$reify__11881$fn__11883.invoke(checker.clj:102)
	at clojure.core$pmap$fn__8552$fn__8553.invoke(core.clj:7089)
	at clojure.core$binding_conveyor_fn$fn__5823.invoke(core.clj:2047)
	at clojure.lang.AFn.call(AFn.java:18)
	at java.base/java.util.concurrent.FutureTask.run(FutureTask.java:317)
	at java.base/java.util.concurrent.ThreadPoolExecutor.runWorker(ThreadPoolExecutor.java:1144)
	at java.base/java.util.concurrent.ThreadPoolExecutor$Worker.run(ThreadPoolExecutor.java:642)
	at java.base/java.lang.Thread.run(Thread.java:1583)
Caused by: java.io.IOException: Cannot run program "gnuplot": error=2, No such file or directory
	at java.base/java.lang.ProcessBuilder.start(ProcessBuilder.java:1170)
	at java.base/java.lang.ProcessBuilder.start(ProcessBuilder.java:1089)
	at java.base/java.lang.Runtime.exec(Runtime.java:681)
	at clojure.java.shell$sh.invokeStatic(shell.clj:113)
	at clojure.java.shell$sh.doInvoke(shell.clj:79)
	at clojure.lang.RestFn.invoke(RestFn.java:512)
	at gnuplot.core$run_BANG_.invokeStatic(core.clj:76)
	at gnuplot.core$run_BANG_.invoke(core.clj:66)
	at gnuplot.core$raw_plot_BANG_.invokeStatic(core.clj:106)
	at gnuplot.core$raw_plot_BANG_.invoke(core.clj:91)
	... 15 common frames omitted
Caused by: java.io.IOException: error=2, No such file or directory
	at java.base/java.lang.ProcessImpl.forkAndExec(Native Method)
	at java.base/java.lang.ProcessImpl.<init>(ProcessImpl.java:295)
	at java.base/java.lang.ProcessImpl.start(ProcessImpl.java:225)
	at java.base/java.lang.ProcessBuilder.start(ProcessBuilder.java:1126)
	... 24 common frames omitted
2025-12-13 09:05:12,919{GMT}	INFO	[jepsen test runner] jepsen.core: Analysis complete
2025-12-13 09:05:12,926{GMT}	INFO	[jepsen results] jepsen.store: Wrote /home/jay/Dev/fly-distributed-systems/store/echo/20251213T090500.979Z/results.edn
2025-12-13 09:05:12,935{GMT}	INFO	[jepsen test runner] jepsen.core: {:perf {:latency-graph {:valid? :unknown,
                        :error "java.lang.IllegalStateException: Error rendering plot, verify gnuplot is installed and reachable\n at jepsen.checker.perf$plot_BANG_.invokeStatic (perf.clj:489)\n    jepsen.checker.perf$plot_BANG_.invoke (perf.clj:426)\n    jepsen.checker.perf$point_graph_BANG_.invokeStatic (perf.clj:520)\n    jepsen.checker.perf$point_graph_BANG_.invoke (perf.clj:493)\n    jepsen.checker$latency_graph$reify__12098.check (checker.clj:830)\n    jepsen.checker$check_safe.invokeStatic (checker.clj:86)\n    jepsen.checker$check_safe.invoke (checker.clj:79)\n    jepsen.checker$compose$reify__11881$fn__11883.invoke (checker.clj:102)\n    clojure.core$pmap$fn__8552$fn__8553.invoke (core.clj:7089)\n    clojure.core$binding_conveyor_fn$fn__5823.invoke (core.clj:2047)\n    clojure.lang.AFn.call (AFn.java:18)\n    java.util.concurrent.FutureTask.run (FutureTask.java:317)\n    java.util.concurrent.ThreadPoolExecutor.runWorker (ThreadPoolExecutor.java:1144)\n    java.util.concurrent.ThreadPoolExecutor$Worker.run (ThreadPoolExecutor.java:642)\n    java.lang.Thread.run (Thread.java:1583)\nCaused by: java.io.IOException: Cannot run program \"gnuplot\": error=2, No such file or directory\n at java.lang.ProcessBuilder.start (ProcessBuilder.java:1170)\n    java.lang.ProcessBuilder.start (ProcessBuilder.java:1089)\n    java.lang.Runtime.exec (Runtime.java:681)\n    clojure.java.shell$sh.invokeStatic (shell.clj:113)\n    clojure.java.shell$sh.doInvoke (shell.clj:79)\n    clojure.lang.RestFn.invoke (RestFn.java:512)\n    gnuplot.core$run_BANG_.invokeStatic (core.clj:76)\n    gnuplot.core$run_BANG_.invoke (core.clj:66)\n    gnuplot.core$raw_plot_BANG_.invokeStatic (core.clj:106)\n    gnuplot.core$raw_plot_BANG_.invoke (core.clj:91)\n    jepsen.checker.perf$plot_BANG_.invokeStatic (perf.clj:489)\n    jepsen.checker.perf$plot_BANG_.invoke (perf.clj:426)\n    jepsen.checker.perf$point_graph_BANG_.invokeStatic (perf.clj:520)\n    jepsen.checker.perf$point_graph_BANG_.invoke (perf.clj:493)\n    jepsen.checker$latency_graph$reify__12098.check (checker.clj:830)\n    jepsen.checker$check_safe.invokeStatic (checker.clj:86)\n    jepsen.checker$check_safe.invoke (checker.clj:79)\n    jepsen.checker$compose$reify__11881$fn__11883.invoke (checker.clj:102)\n    clojure.core$pmap$fn__8552$fn__8553.invoke (core.clj:7089)\n    clojure.core$binding_conveyor_fn$fn__5823.invoke (core.clj:2047)\n    clojure.lang.AFn.call (AFn.java:18)\n    java.util.concurrent.FutureTask.run (FutureTask.java:317)\n    java.util.concurrent.ThreadPoolExecutor.runWorker (ThreadPoolExecutor.java:1144)\n    java.util.concurrent.ThreadPoolExecutor$Worker.run (ThreadPoolExecutor.java:642)\n    java.lang.Thread.run (Thread.java:1583)\nCaused by: java.io.IOException: error=2, No such file or directory\n at java.lang.ProcessImpl.forkAndExec (ProcessImpl.java:-2)\n    java.lang.ProcessImpl.<init> (ProcessImpl.java:295)\n    java.lang.ProcessImpl.start (ProcessImpl.java:225)\n    java.lang.ProcessBuilder.start (ProcessBuilder.java:1126)\n    java.lang.ProcessBuilder.start (ProcessBuilder.java:1089)\n    java.lang.Runtime.exec (Runtime.java:681)\n    clojure.java.shell$sh.invokeStatic (shell.clj:113)\n    clojure.java.shell$sh.doInvoke (shell.clj:79)\n    clojure.lang.RestFn.invoke (RestFn.java:512)\n    gnuplot.core$run_BANG_.invokeStatic (core.clj:76)\n    gnuplot.core$run_BANG_.invoke (core.clj:66)\n    gnuplot.core$raw_plot_BANG_.invokeStatic (core.clj:106)\n    gnuplot.core$raw_plot_BANG_.invoke (core.clj:91)\n    jepsen.checker.perf$plot_BANG_.invokeStatic (perf.clj:489)\n    jepsen.checker.perf$plot_BANG_.invoke (perf.clj:426)\n    jepsen.checker.perf$point_graph_BANG_.invokeStatic (perf.clj:520)\n    jepsen.checker.perf$point_graph_BANG_.invoke (perf.clj:493)\n    jepsen.checker$latency_graph$reify__12098.check (checker.clj:830)\n    jepsen.checker$check_safe.invokeStatic (checker.clj:86)\n    jepsen.checker$check_safe.invoke (checker.clj:79)\n    jepsen.checker$compose$reify__11881$fn__11883.invoke (checker.clj:102)\n    clojure.core$pmap$fn__8552$fn__8553.invoke (core.clj:7089)\n    clojure.core$binding_conveyor_fn$fn__5823.invoke (core.clj:2047)\n    clojure.lang.AFn.call (AFn.java:18)\n    java.util.concurrent.FutureTask.run (FutureTask.java:317)\n    java.util.concurrent.ThreadPoolExecutor.runWorker (ThreadPoolExecutor.java:1144)\n    java.util.concurrent.ThreadPoolExecutor$Worker.run (ThreadPoolExecutor.java:642)\n    java.lang.Thread.run (Thread.java:1583)\n"},
        :rate-graph {:valid? :unknown,
                     :error "java.lang.IllegalStateException: Error rendering plot, verify gnuplot is installed and reachable\n at jepsen.checker.perf$plot_BANG_.invokeStatic (perf.clj:489)\n    jepsen.checker.perf$plot_BANG_.invoke (perf.clj:426)\n    jepsen.checker.perf$rate_graph_BANG_.invokeStatic (perf.clj:623)\n    jepsen.checker.perf$rate_graph_BANG_.invoke (perf.clj:568)\n    jepsen.checker$rate_graph$reify__12101.check (checker.clj:843)\n    jepsen.checker$check_safe.invokeStatic (checker.clj:86)\n    jepsen.checker$check_safe.invoke (checker.clj:79)\n    jepsen.checker$compose$reify__11881$fn__11883.invoke (checker.clj:102)\n    clojure.core$pmap$fn__8552$fn__8553.invoke (core.clj:7089)\n    clojure.core$binding_conveyor_fn$fn__5823.invoke (core.clj:2047)\n    clojure.lang.AFn.call (AFn.java:18)\n    java.util.concurrent.FutureTask.run (FutureTask.java:317)\n    java.util.concurrent.ThreadPoolExecutor.runWorker (ThreadPoolExecutor.java:1144)\n    java.util.concurrent.ThreadPoolExecutor$Worker.run (ThreadPoolExecutor.java:642)\n    java.lang.Thread.run (Thread.java:1583)\nCaused by: java.io.IOException: Cannot run program \"gnuplot\": error=2, No such file or directory\n at java.lang.ProcessBuilder.start (ProcessBuilder.java:1170)\n    java.lang.ProcessBuilder.start (ProcessBuilder.java:1089)\n    java.lang.Runtime.exec (Runtime.java:681)\n    clojure.java.shell$sh.invokeStatic (shell.clj:113)\n    clojure.java.shell$sh.doInvoke (shell.clj:79)\n    clojure.lang.RestFn.invoke (RestFn.java:512)\n    gnuplot.core$run_BANG_.invokeStatic (core.clj:76)\n    gnuplot.core$run_BANG_.invoke (core.clj:66)\n    gnuplot.core$raw_plot_BANG_.invokeStatic (core.clj:106)\n    gnuplot.core$raw_plot_BANG_.invoke (core.clj:91)\n    jepsen.checker.perf$plot_BANG_.invokeStatic (perf.clj:489)\n    jepsen.checker.perf$plot_BANG_.invoke (perf.clj:426)\n    jepsen.checker.perf$rate_graph_BANG_.invokeStatic (perf.clj:623)\n    jepsen.checker.perf$rate_graph_BANG_.invoke (perf.clj:568)\n    jepsen.checker$rate_graph$reify__12101.check (checker.clj:843)\n    jepsen.checker$check_safe.invokeStatic (checker.clj:86)\n    jepsen.checker$check_safe.invoke (checker.clj:79)\n    jepsen.checker$compose$reify__11881$fn__11883.invoke (checker.clj:102)\n    clojure.core$pmap$fn__8552$fn__8553.invoke (core.clj:7089)\n    clojure.core$binding_conveyor_fn$fn__5823.invoke (core.clj:2047)\n    clojure.lang.AFn.call (AFn.java:18)\n    java.util.concurrent.FutureTask.run (FutureTask.java:317)\n    java.util.concurrent.ThreadPoolExecutor.runWorker (ThreadPoolExecutor.java:1144)\n    java.util.concurrent.ThreadPoolExecutor$Worker.run (ThreadPoolExecutor.java:642)\n    java.lang.Thread.run (Thread.java:1583)\nCaused by: java.io.IOException: error=2, No such file or directory\n at java.lang.ProcessImpl.forkAndExec (ProcessImpl.java:-2)\n    java.lang.ProcessImpl.<init> (ProcessImpl.java:295)\n    java.lang.ProcessImpl.start (ProcessImpl.java:225)\n    java.lang.ProcessBuilder.start (ProcessBuilder.java:1126)\n    java.lang.ProcessBuilder.start (ProcessBuilder.java:1089)\n    java.lang.Runtime.exec (Runtime.java:681)\n    clojure.java.shell$sh.invokeStatic (shell.clj:113)\n    clojure.java.shell$sh.doInvoke (shell.clj:79)\n    clojure.lang.RestFn.invoke (RestFn.java:512)\n    gnuplot.core$run_BANG_.invokeStatic (core.clj:76)\n    gnuplot.core$run_BANG_.invoke (core.clj:66)\n    gnuplot.core$raw_plot_BANG_.invokeStatic (core.clj:106)\n    gnuplot.core$raw_plot_BANG_.invoke (core.clj:91)\n    jepsen.checker.perf$plot_BANG_.invokeStatic (perf.clj:489)\n    jepsen.checker.perf$plot_BANG_.invoke (perf.clj:426)\n    jepsen.checker.perf$rate_graph_BANG_.invokeStatic (perf.clj:623)\n    jepsen.checker.perf$rate_graph_BANG_.invoke (perf.clj:568)\n    jepsen.checker$rate_graph$reify__12101.check (checker.clj:843)\n    jepsen.checker$check_safe.invokeStatic (checker.clj:86)\n    jepsen.checker$check_safe.invoke (checker.clj:79)\n    jepsen.checker$compose$reify__11881$fn__11883.invoke (checker.clj:102)\n    clojure.core$pmap$fn__8552$fn__8553.invoke (core.clj:7089)\n    clojure.core$binding_conveyor_fn$fn__5823.invoke (core.clj:2047)\n    clojure.lang.AFn.call (AFn.java:18)\n    java.util.concurrent.FutureTask.run (FutureTask.java:317)\n    java.util.concurrent.ThreadPoolExecutor.runWorker (ThreadPoolExecutor.java:1144)\n    java.util.concurrent.ThreadPoolExecutor$Worker.run (ThreadPoolExecutor.java:642)\n    java.lang.Thread.run (Thread.java:1583)\n"},
        :valid? :unknown},
 :timeline {:valid? true},
 :exceptions {:valid? true},
 :stats {:valid? true,
         :count 53,
         :ok-count 53,
         :fail-count 0,
         :info-count 0,
         :by-f {:echo {:valid? true,
                       :count 53,
                       :ok-count 53,
                       :fail-count 0,
                       :info-count 0}}},
 :availability {:valid? true, :ok-fraction 1.0},
 :net {:all {:send-count 108,
             :recv-count 108,
             :msg-count 108,
             :msgs-per-op 2.037736},
       :clients {:send-count 108, :recv-count 108, :msg-count 108},
       :servers {:send-count 0,
                 :recv-count 0,
                 :msg-count 0,
                 :msgs-per-op 0.0},
       :valid? true},
 :workload {:valid? true, :errors ()},
 :valid? :unknown}


Errors occurred during analysis, but no anomalies found. ಠ~ಠ
